[    0.000000] microcode: microcode updated early to revision 0x2f, date = 2019-11-12
[    0.000000] Linux version 5.19.0-50-generic (buildd@lcy02-amd64-030) (x86_64-linux-gnu-gcc (Ubuntu 11.3.0-1ubuntu1~22.04.1) 11.3.0, GNU ld (GNU Binutils for Ubuntu) 2.38) #50-Ubuntu SMP PREEMPT_DYNAMIC Mon Jul 10 18:24:29 UTC 2023 (Ubuntu 5.19.0-50.50-generic 5.19.17)
[    0.000000] Command line: BOOT_IMAGE=/boot/vmlinuz-5.19.0-50-generic root=UUID=6986590c-56d8-4a15-8acc-32da6556c345 ro acpi=off irqpoll quiet splash
[    0.000000] KERNEL supported cpus:
[    0.000000]   Intel GenuineIntel
[    0.000000]   AMD AuthenticAMD
[    0.000000]   Hygon HygonGenuine
[    0.000000]   Centaur CentaurHauls
[    0.000000]   zhaoxin   Shanghai  
[    0.000000] x86/fpu: Supporting XSAVE feature 0x001: 'x87 floating point registers'
[    0.000000] x86/fpu: Supporting XSAVE feature 0x002: 'SSE registers'
[    0.000000] x86/fpu: Supporting XSAVE feature 0x004: 'AVX registers'
[    0.000000] x86/fpu: xstate_offset[2]:  576, xstate_sizes[2]:  256
[    0.000000] x86/fpu: Enabled xstate features 0x7, context size is 832 bytes, using 'standard' format.
[    0.000000] signal: max sigframe size: 1776
[    0.000000] BIOS-provided physical RAM map:
[    0.000000] BIOS-e820: [mem 0x0000000000000000-0x0000000000057fff] usable
[    0.000000] BIOS-e820: [mem 0x0000000000058000-0x0000000000058fff] reserved
[    0.000000] BIOS-e820: [mem 0x0000000000059000-0x0000000000087fff] usable
[    0.000000] BIOS-e820: [mem 0x0000000000088000-0x000000000009ffff] reserved
[    0.000000] BIOS-e820: [mem 0x0000000000100000-0x000000009c2befff] usable
[    0.000000] BIOS-e820: [mem 0x000000009c2bf000-0x000000009cdbefff] reserved
[    0.000000] BIOS-e820: [mem 0x000000009cdbf000-0x000000009cfbefff] ACPI NVS
[    0.000000] BIOS-e820: [mem 0x000000009cfbf000-0x000000009cffefff] ACPI data
[    0.000000] BIOS-e820: [mem 0x000000009cfff000-0x000000009cffffff] usable
[    0.000000] BIOS-e820: [mem 0x00000000e0000000-0x00000000efffffff] reserved
[    0.000000] BIOS-e820: [mem 0x00000000feb00000-0x00000000feb03fff] reserved
[    0.000000] BIOS-e820: [mem 0x00000000fec00000-0x00000000fec00fff] reserved
[    0.000000] BIOS-e820: [mem 0x00000000fed10000-0x00000000fed19fff] reserved
[    0.000000] BIOS-e820: [mem 0x00000000fed1c000-0x00000000fed1ffff] reserved
[    0.000000] BIOS-e820: [mem 0x00000000fee00000-0x00000000fee00fff] reserved
[    0.000000] BIOS-e820: [mem 0x00000000ffa00000-0x00000000ffffffff] reserved
[    0.000000] BIOS-e820: [mem 0x0000000100000000-0x000000025effffff] usable
[    0.000000] NX (Execute Disable) protection: active
[    0.000000] e820: update [mem 0x89bdc018-0x89bec057] usable ==> usable
[    0.000000] e820: update [mem 0x89bdc018-0x89bec057] usable ==> usable
[    0.000000] extended physical RAM map:
[    0.000000] reserve setup_data: [mem 0x0000000000000000-0x0000000000057fff] usable
[    0.000000] reserve setup_data: [mem 0x0000000000058000-0x0000000000058fff] reserved
[    0.000000] reserve setup_data: [mem 0x0000000000059000-0x0000000000087fff] usable
[    0.000000] reserve setup_data: [mem 0x0000000000088000-0x000000000009ffff] reserved
[    0.000000] reserve setup_data: [mem 0x0000000000100000-0x0000000089bdc017] usable
[    0.000000] reserve setup_data: [mem 0x0000000089bdc018-0x0000000089bec057] usable
[    0.000000] reserve setup_data: [mem 0x0000000089bec058-0x000000009c2befff] usable
[    0.000000] reserve setup_data: [mem 0x000000009c2bf000-0x000000009cdbefff] reserved
[    0.000000] reserve setup_data: [mem 0x000000009cdbf000-0x000000009cfbefff] ACPI NVS
[    0.000000] reserve setup_data: [mem 0x000000009cfbf000-0x000000009cffefff] ACPI data
[    0.000000] reserve setup_data: [mem 0x000000009cfff000-0x000000009cffffff] usable
[    0.000000] reserve setup_data: [mem 0x00000000e0000000-0x00000000efffffff] reserved
[    0.000000] reserve setup_data: [mem 0x00000000feb00000-0x00000000feb03fff] reserved
[    0.000000] reserve setup_data: [mem 0x00000000fec00000-0x00000000fec00fff] reserved
[    0.000000] reserve setup_data: [mem 0x00000000fed10000-0x00000000fed19fff] reserved
[    0.000000] reserve setup_data: [mem 0x00000000fed1c000-0x00000000fed1ffff] reserved
[    0.000000] reserve setup_data: [mem 0x00000000fee00000-0x00000000fee00fff] reserved
[    0.000000] reserve setup_data: [mem 0x00000000ffa00000-0x00000000ffffffff] reserved
[    0.000000] reserve setup_data: [mem 0x0000000100000000-0x000000025effffff] usable
[    0.000000] efi: EFI v2.40 by INSYDE Corp.
[    0.000000] efi: SMBIOS=0x9cb30000 ESRT=0x9cb35718 ACPI 2.0=0x9cffe014 MOKvar=0x9cb29000 RNG=0x9cfcef98 
[    0.000000] random: crng init done
[    0.000000] secureboot: Secure boot disabled
[    0.000000] SMBIOS 2.7 present.
[    0.000000] DMI: Hewlett-Packard HP Pavilion 13 x360 PC /2341, BIOS F.41 06/21/2018
[    0.000000] tsc: Fast TSC calibration using PIT
[    0.000000] tsc: Detected 2095.137 MHz processor
[    0.001399] e820: update [mem 0x00000000-0x00000fff] usable ==> reserved
[    0.001405] e820: remove [mem 0x000a0000-0x000fffff] usable
[    0.001423] last_pfn = 0x25f000 max_arch_pfn = 0x400000000
[    0.001659] x86/PAT: Configuration [0-7]: WB  WC  UC- UC  WB  WP  UC- WT  
[    0.002510] total RAM covered: 14800M
[    0.002772] Found optimal setting for mtrr clean up
[    0.002773]  gran_size: 64K 	chunk_size: 64M 	num_reg: 6  	lose cover RAM: 0G
[    0.003341] e820: update [mem 0x9d000000-0xffffffff] usable ==> reserved
[    0.003349] last_pfn = 0x9d000 max_arch_pfn = 0x400000000
[    0.019085] esrt: Reserving ESRT space from 0x000000009cb35718 to 0x000000009cb35750.
[    0.019103] Using GB pages for direct mapping
[    0.019619] secureboot: Secure boot disabled
[    0.019620] RAMDISK: [mem 0x6c7fd000-0x74c28fff]
[    0.019803] No NUMA configuration found
[    0.019805] Faking a node at [mem 0x0000000000000000-0x000000025effffff]
[    0.019822] NODE_DATA(0) allocated [mem 0x25efd3000-0x25effdfff]
[    0.020510] Zone ranges:
[    0.020511]   DMA      [mem 0x0000000000001000-0x0000000000ffffff]
[    0.020515]   DMA32    [mem 0x0000000001000000-0x00000000ffffffff]
[    0.020518]   Normal   [mem 0x0000000100000000-0x000000025effffff]
[    0.020521]   Device   empty
[    0.020523] Movable zone start for each node
[    0.020528] Early memory node ranges
[    0.020529]   node   0: [mem 0x0000000000001000-0x0000000000057fff]
[    0.020532]   node   0: [mem 0x0000000000059000-0x0000000000087fff]
[    0.020533]   node   0: [mem 0x0000000000100000-0x000000009c2befff]
[    0.020536]   node   0: [mem 0x000000009cfff000-0x000000009cffffff]
[    0.020537]   node   0: [mem 0x0000000100000000-0x000000025effffff]
[    0.020541] Initmem setup node 0 [mem 0x0000000000001000-0x000000025effffff]
[    0.020549] On node 0, zone DMA: 1 pages in unavailable ranges
[    0.020552] On node 0, zone DMA: 1 pages in unavailable ranges
[    0.020623] On node 0, zone DMA: 120 pages in unavailable ranges
[    0.032190] On node 0, zone DMA32: 3392 pages in unavailable ranges
[    0.058447] On node 0, zone Normal: 12288 pages in unavailable ranges
[    0.058536] On node 0, zone Normal: 4096 pages in unavailable ranges
[    0.058548] Reserving Intel graphics memory at [mem 0x9e000000-0x9fffffff]
[    0.058757] TSC deadline timer available
[    0.058762] smpboot: Boot CPU (id 0) not listed by BIOS
[    0.058764] smpboot: Allowing 1 CPUs, 0 hotplug CPUs
[    0.058791] PM: hibernation: Registered nosave memory: [mem 0x00000000-0x00000fff]
[    0.058795] PM: hibernation: Registered nosave memory: [mem 0x00058000-0x00058fff]
[    0.058798] PM: hibernation: Registered nosave memory: [mem 0x00088000-0x0009ffff]
[    0.058800] PM: hibernation: Registered nosave memory: [mem 0x000a0000-0x000fffff]
[    0.058802] PM: hibernation: Registered nosave memory: [mem 0x89bdc000-0x89bdcfff]
[    0.058806] PM: hibernation: Registered nosave memory: [mem 0x89bec000-0x89becfff]
[    0.058809] PM: hibernation: Registered nosave memory: [mem 0x9c2bf000-0x9cdbefff]
[    0.058810] PM: hibernation: Registered nosave memory: [mem 0x9cdbf000-0x9cfbefff]
[    0.058811] PM: hibernation: Registered nosave memory: [mem 0x9cfbf000-0x9cffefff]
[    0.058814] PM: hibernation: Registered nosave memory: [mem 0x9d000000-0x9dffffff]
[    0.058816] PM: hibernation: Registered nosave memory: [mem 0x9e000000-0x9fffffff]
[    0.058817] PM: hibernation: Registered nosave memory: [mem 0xa0000000-0xdfffffff]
[    0.058819] PM: hibernation: Registered nosave memory: [mem 0xe0000000-0xefffffff]
[    0.058820] PM: hibernation: Registered nosave memory: [mem 0xf0000000-0xfeafffff]
[    0.058821] PM: hibernation: Registered nosave memory: [mem 0xfeb00000-0xfeb03fff]
[    0.058823] PM: hibernation: Registered nosave memory: [mem 0xfeb04000-0xfebfffff]
[    0.058824] PM: hibernation: Registered nosave memory: [mem 0xfec00000-0xfec00fff]
[    0.058825] PM: hibernation: Registered nosave memory: [mem 0xfec01000-0xfed0ffff]
[    0.058827] PM: hibernation: Registered nosave memory: [mem 0xfed10000-0xfed19fff]
[    0.058828] PM: hibernation: Registered nosave memory: [mem 0xfed1a000-0xfed1bfff]
[    0.058829] PM: hibernation: Registered nosave memory: [mem 0xfed1c000-0xfed1ffff]
[    0.058831] PM: hibernation: Registered nosave memory: [mem 0xfed20000-0xfedfffff]
[    0.058832] PM: hibernation: Registered nosave memory: [mem 0xfee00000-0xfee00fff]
[    0.058833] PM: hibernation: Registered nosave memory: [mem 0xfee01000-0xff9fffff]
[    0.058835] PM: hibernation: Registered nosave memory: [mem 0xffa00000-0xffffffff]
[    0.058837] [mem 0xa0000000-0xdfffffff] available for PCI devices
[    0.058840] Booting paravirtualized kernel on bare hardware
[    0.058844] clocksource: refined-jiffies: mask: 0xffffffff max_cycles: 0xffffffff, max_idle_ns: 7645519600211568 ns
[    0.058857] setup_percpu: NR_CPUS:8192 nr_cpumask_bits:1 nr_cpu_ids:1 nr_node_ids:1
[    0.059177] percpu: Embedded 61 pages/cpu s212992 r8192 d28672 u2097152
[    0.059189] pcpu-alloc: s212992 r8192 d28672 u2097152 alloc=1*2097152
[    0.059193] pcpu-alloc: [0] 0 
[    0.059237] Fallback order for Node 0: 0 
[    0.059242] Built 1 zonelists, mobility grouping on.  Total pages: 2044661
[    0.059244] Policy zone: Normal
[    0.059246] Kernel command line: BOOT_IMAGE=/boot/vmlinuz-5.19.0-50-generic root=UUID=6986590c-56d8-4a15-8acc-32da6556c345 ro acpi=off irqpoll quiet splash
[    0.059351] Misrouted IRQ fixup and polling support enabled
[    0.059353] This may significantly impact system performance
[    0.059407] Unknown kernel command line parameters "splash BOOT_IMAGE=/boot/vmlinuz-5.19.0-50-generic", will be passed to user space.
[    0.060408] Dentry cache hash table entries: 1048576 (order: 11, 8388608 bytes, linear)
[    0.060913] Inode-cache hash table entries: 524288 (order: 10, 4194304 bytes, linear)
[    0.060954] mem auto-init: stack:off, heap alloc:on, heap free:off
[    0.115188] Memory: 7720852K/8309016K available (18440K kernel code, 4085K rwdata, 11308K rodata, 3176K init, 17152K bss, 587904K reserved, 0K cma-reserved)
[    0.115403] SLUB: HWalign=64, Order=0-3, MinObjects=0, CPUs=1, Nodes=1
[    0.115425] Kernel/User page tables isolation: enabled
[    0.115454] ftrace: allocating 52252 entries in 205 pages
[    0.131447] ftrace: allocated 205 pages with 5 groups
[    0.132747] Dynamic Preempt: voluntary
[    0.132788] rcu: Preemptible hierarchical RCU implementation.
[    0.132789] rcu: 	RCU restricting CPUs from NR_CPUS=8192 to nr_cpu_ids=1.
[    0.132791] 	Trampoline variant of Tasks RCU enabled.
[    0.132792] 	Rude variant of Tasks RCU enabled.
[    0.132793] 	Tracing variant of Tasks RCU enabled.
[    0.132794] rcu: RCU calculated value of scheduler-enlistment delay is 25 jiffies.
[    0.132796] rcu: Adjusting geometry for rcu_fanout_leaf=16, nr_cpu_ids=1
[    0.140868] NR_IRQS: 524544, nr_irqs: 32, preallocated irqs: 16
[    0.141085] rcu: srcu_init: Setting srcu_struct sizes based on contention.
[    0.141174] Console: colour dummy device 80x25
[    0.141204] printk: console [tty0] enabled
[    0.141237] APIC: ACPI MADT or MP tables are not detected
[    0.141272] APIC: Switch to virtual wire mode setup with no configuration
[    0.141274] Not enabling interrupt remapping due to skipped IO-APIC setup
[    0.141283] clocksource: tsc-early: mask: 0xffffffffffffffff max_cycles: 0x1e333e9d111, max_idle_ns: 440795240016 ns
[    0.141295] Calibrating delay loop (skipped), value calculated using timer frequency.. 4190.27 BogoMIPS (lpj=8380548)
[    0.141300] pid_max: default: 32768 minimum: 301
[    0.151296] LSM: Security Framework initializing
[    0.151317] landlock: Up and running.
[    0.151318] Yama: becoming mindful.
[    0.151365] AppArmor: AppArmor initialized
[    0.151429] Mount-cache hash table entries: 16384 (order: 5, 131072 bytes, linear)
[    0.151450] Mountpoint-cache hash table entries: 16384 (order: 5, 131072 bytes, linear)
[    0.151810] CPU0: Thermal monitoring enabled (TM1)
[    0.151866] process: using mwait in idle threads
[    0.151870] Last level iTLB entries: 4KB 64, 2MB 8, 4MB 8
[    0.151873] Last level dTLB entries: 4KB 64, 2MB 0, 4MB 0, 1GB 4
[    0.151882] Spectre V1 : Mitigation: usercopy/swapgs barriers and __user pointer sanitization
[    0.151886] Spectre V2 : Mitigation: Retpolines
[    0.151887] Spectre V2 : Spectre v2 / SpectreRSB mitigation: Filling RSB on context switch
[    0.151888] Spectre V2 : Spectre v2 / SpectreRSB : Filling RSB on VMEXIT
[    0.151890] Spectre V2 : Enabling Restricted Speculation for firmware calls
[    0.151892] Spectre V2 : mitigation: Enabling conditional Indirect Branch Prediction Barrier
[    0.151894] Spectre V2 : User space: Mitigation: STIBP via prctl
[    0.151896] Speculative Store Bypass: Mitigation: Speculative Store Bypass disabled via prctl
[    0.151901] MDS: Mitigation: Clear CPU buffers
[    0.151903] MMIO Stale Data: Unknown: No mitigations
[    0.151905] SRBDS: Mitigation: Microcode
[    0.193549] Freeing SMP alternatives memory: 44K
[    0.193662] smpboot: SMP disabled
[    0.193865] cblist_init_generic: Setting adjustable number of callback queues.
[    0.193868] cblist_init_generic: Setting shift to 0 and lim to 1.
[    0.193903] cblist_init_generic: Setting shift to 0 and lim to 1.
[    0.193924] cblist_init_generic: Setting shift to 0 and lim to 1.
[    0.193946] Performance Events: PEBS fmt2+, Broadwell events, 16-deep LBR, full-width counters, Intel PMU driver.
[    0.194011] ... version:                3
[    0.194012] ... bit width:              48
[    0.194014] ... generic registers:      4
[    0.194015] ... value mask:             0000ffffffffffff
[    0.194017] ... max period:             00007fffffffffff
[    0.194018] ... fixed-purpose events:   3
[    0.194020] ... event mask:             000000070000000f
[    0.194172] Estimated ratio of average max frequency by base frequency (times 1024): 1024
[    0.194209] rcu: Hierarchical SRCU implementation.
[    0.194211] rcu: 	Max phase no-delay instances is 1000.
[    0.195117] NMI watchdog: Enabled. Permanently consumes one hw-PMU counter.
[    0.195169] smp: Bringing up secondary CPUs ...
[    0.195171] smp: Brought up 1 node, 1 CPU
[    0.195174] smpboot: Max logical packages: 1
[    0.195175] smpboot: Total of 1 processors activated (4190.27 BogoMIPS)
[    0.195787] devtmpfs: initialized
[    0.195857] x86/mm: Memory block size: 128MB
[    0.197091] ACPI: PM: Registering ACPI NVS region [mem 0x9cdbf000-0x9cfbefff] (2097152 bytes)
[    0.197202] clocksource: jiffies: mask: 0xffffffff max_cycles: 0xffffffff, max_idle_ns: 7645041785100000 ns
[    0.197211] futex hash table entries: 256 (order: 2, 16384 bytes, linear)
[    0.197275] pinctrl core: initialized pinctrl subsystem
[    0.197444] PM: RTC time: 16:27:04, date: 2024-04-27
[    0.198056] NET: Registered PF_NETLINK/PF_ROUTE protocol family
[    0.198358] DMA: preallocated 1024 KiB GFP_KERNEL pool for atomic allocations
[    0.198520] DMA: preallocated 1024 KiB GFP_KERNEL|GFP_DMA pool for atomic allocations
[    0.198678] DMA: preallocated 1024 KiB GFP_KERNEL|GFP_DMA32 pool for atomic allocations
[    0.198694] audit: initializing netlink subsys (disabled)
[    0.198928] thermal_sys: Registered thermal governor 'fair_share'
[    0.198931] thermal_sys: Registered thermal governor 'bang_bang'
[    0.198932] thermal_sys: Registered thermal governor 'step_wise'
[    0.198934] thermal_sys: Registered thermal governor 'user_space'
[    0.198935] thermal_sys: Registered thermal governor 'power_allocator'
[    0.198948] EISA bus registered
[    0.198951] cpuidle: using governor ladder
[    0.198953] cpuidle: using governor menu
[    0.199032] HugeTLB: can optimize 4095 vmemmap pages for hugepages-1048576kB
[    0.199153] PCI: Using configuration type 1 for base access
[    0.199272] ENERGY_PERF_BIAS: Set to 'normal', was 'performance'
[    0.201310] audit: type=2000 audit(1714235224.060:1): state=initialized audit_enabled=0 res=1
[    0.201713] kprobes: kprobe jump-optimization is enabled. All kprobes are optimized if possible.
[    0.265982] HugeTLB: can optimize 7 vmemmap pages for hugepages-2048kB
[    0.265988] HugeTLB registered 1.00 GiB page size, pre-allocated 0 pages
[    0.265991] HugeTLB registered 2.00 MiB page size, pre-allocated 0 pages
[    0.266443] ACPI: Interpreter disabled.
[    0.266514] iommu: Default domain type: Translated 
[    0.266516] iommu: DMA domain TLB invalidation policy: lazy mode 
[    0.266765] SCSI subsystem initialized
[    0.266811] libata version 3.00 loaded.
[    0.266856] usbcore: registered new interface driver usbfs
[    0.266868] usbcore: registered new interface driver hub
[    0.266877] usbcore: registered new device driver usb
[    0.266904] pps_core: LinuxPPS API ver. 1 registered
[    0.266906] pps_core: Software ver. 5.3.6 - Copyright 2005-2007 Rodolfo Giometti <giometti@linux.it>
[    0.266910] PTP clock support registered
[    0.266965] EDAC MC: Ver: 3.0.0
[    0.267076] Registered efivars operations
[    0.267432] NetLabel: Initializing
[    0.267434] NetLabel:  domain hash size = 128
[    0.267436] NetLabel:  protocols = UNLABELED CIPSOv4 CALIPSO
[    0.267460] NetLabel:  unlabeled traffic allowed by default
[    0.267513] mctp: management component transport protocol core
[    0.267515] NET: Registered PF_MCTP protocol family
[    0.267523] PCI: Probing PCI hardware
[    0.267525] PCI: root bus 00: using default resources
[    0.267529] PCI: Probing PCI hardware (bus 00)
[    0.267557] PCI host bridge to bus 0000:00
[    0.267559] pci_bus 0000:00: root bus resource [io  0x0000-0xffff]
[    0.267564] pci_bus 0000:00: root bus resource [mem 0x00000000-0x7fffffffff]
[    0.267567] pci_bus 0000:00: No busn resource found for root bus, will use [bus 00-ff]
[    0.267581] pci 0000:00:00.0: [8086:1604] type 00 class 0x060000
[    0.267680] pci 0000:00:02.0: [8086:1616] type 00 class 0x030000
[    0.267694] pci 0000:00:02.0: reg 0x10: [mem 0xc0000000-0xc0ffffff 64bit]
[    0.267704] pci 0000:00:02.0: reg 0x18: [mem 0xb0000000-0xbfffffff 64bit pref]
[    0.267711] pci 0000:00:02.0: reg 0x20: [io  0x4000-0x403f]
[    0.267726] pci 0000:00:02.0: BAR 2: assigned to efifb
[    0.267729] pci 0000:00:02.0: DMAR: Disabling IOMMU for graphics on this chipset
[    0.267733] pci 0000:00:02.0: Video device with shadowed ROM at [mem 0x000c0000-0x000dffff]
[    0.267801] pci 0000:00:03.0: [8086:160c] type 00 class 0x040300
[    0.267814] pci 0000:00:03.0: reg 0x10: [mem 0xc1310000-0xc1313fff 64bit]
[    0.267928] pci 0000:00:14.0: [8086:9cb1] type 00 class 0x0c0330
[    0.267947] pci 0000:00:14.0: reg 0x10: [mem 0xc1300000-0xc130ffff 64bit]
[    0.268010] pci 0000:00:14.0: PME# supported from D3hot D3cold
[    0.268079] pci 0000:00:16.0: [8086:9cba] type 00 class 0x078000
[    0.268100] pci 0000:00:16.0: reg 0x10: [mem 0xc131b000-0xc131b01f 64bit]
[    0.268173] pci 0000:00:16.0: PME# supported from D0 D3hot D3cold
[    0.268244] pci 0000:00:1b.0: [8086:9ca0] type 00 class 0x040300
[    0.268263] pci 0000:00:1b.0: reg 0x10: [mem 0xc1314000-0xc1317fff 64bit]
[    0.268325] pci 0000:00:1b.0: PME# supported from D0 D3hot D3cold
[    0.268383] pci 0000:00:1c.0: [8086:9c90] type 01 class 0x060400
[    0.268462] pci 0000:00:1c.0: PME# supported from D0 D3hot D3cold
[    0.268527] pci 0000:00:1c.1: [8086:9c92] type 01 class 0x060400
[    0.268604] pci 0000:00:1c.1: PME# supported from D0 D3hot D3cold
[    0.268668] pci 0000:00:1c.2: [8086:9c94] type 01 class 0x060400
[    0.268745] pci 0000:00:1c.2: PME# supported from D0 D3hot D3cold
[    0.268808] pci 0000:00:1c.3: [8086:9c96] type 01 class 0x060400
[    0.268885] pci 0000:00:1c.3: PME# supported from D0 D3hot D3cold
[    0.268958] pci 0000:00:1d.0: [8086:9ca6] type 00 class 0x0c0320
[    0.269453] pci 0000:00:1d.0: reg 0x10: [mem 0xc1319000-0xc13193ff]
[    0.271253] pci 0000:00:1d.0: PME# supported from D0 D3hot D3cold
[    0.271339] pci 0000:00:1f.0: [8086:9cc3] type 00 class 0x060100
[    0.271516] pci 0000:00:1f.2: [8086:9c83] type 00 class 0x010601
[    0.271530] pci 0000:00:1f.2: reg 0x10: [io  0x4088-0x408f]
[    0.271539] pci 0000:00:1f.2: reg 0x14: [io  0x4094-0x4097]
[    0.271547] pci 0000:00:1f.2: reg 0x18: [io  0x4080-0x4087]
[    0.271556] pci 0000:00:1f.2: reg 0x1c: [io  0x4090-0x4093]
[    0.271564] pci 0000:00:1f.2: reg 0x20: [io  0x4060-0x407f]
[    0.271573] pci 0000:00:1f.2: reg 0x24: [mem 0xc1318000-0xc13187ff]
[    0.271609] pci 0000:00:1f.2: PME# supported from D3hot
[    0.271665] pci 0000:00:1f.3: [8086:9ca2] type 00 class 0x0c0500
[    0.271683] pci 0000:00:1f.3: reg 0x10: [mem 0xc131a000-0xc131a0ff 64bit]
[    0.271706] pci 0000:00:1f.3: reg 0x20: [io  0x4040-0x405f]
[    0.271806] pci 0000:00:1c.0: PCI bridge to [bus 01]
[    0.271882] pci 0000:02:00.0: [10ec:5227] type 00 class 0xff0000
[    0.271910] pci 0000:02:00.0: reg 0x10: [mem 0xc1200000-0xc1200fff]
[    0.272059] pci 0000:02:00.0: supports D1 D2
[    0.272061] pci 0000:02:00.0: PME# supported from D1 D2 D3hot D3cold
[    0.272200] pci 0000:00:1c.1: PCI bridge to [bus 02]
[    0.272207] pci 0000:00:1c.1:   bridge window [mem 0xc1200000-0xc12fffff]
[    0.272288] pci 0000:03:00.0: [14e4:4365] type 00 class 0x028000
[    0.272319] pci 0000:03:00.0: reg 0x10: [mem 0xc1100000-0xc1107fff 64bit]
[    0.272387] pci 0000:03:00.0: enabling Extended Tags
[    0.272450] pci 0000:03:00.0: supports D1 D2
[    0.272452] pci 0000:03:00.0: PME# supported from D0 D3hot D3cold
[    0.272550] pci 0000:00:1c.2: PCI bridge to [bus 03]
[    0.272556] pci 0000:00:1c.2:   bridge window [mem 0xc1100000-0xc11fffff]
[    0.272614] pci 0000:04:00.0: [10ec:8136] type 00 class 0x020000
[    0.272637] pci 0000:04:00.0: reg 0x10: [io  0x3000-0x30ff]
[    0.272668] pci 0000:04:00.0: reg 0x18: [mem 0xc1004000-0xc1004fff 64bit]
[    0.272688] pci 0000:04:00.0: reg 0x20: [mem 0xc1000000-0xc1003fff 64bit]
[    0.272769] pci 0000:04:00.0: supports D1 D2
[    0.272771] pci 0000:04:00.0: PME# supported from D0 D1 D2 D3hot D3cold
[    0.272873] pci 0000:00:1c.3: PCI bridge to [bus 04]
[    0.272878] pci 0000:00:1c.3:   bridge window [io  0x3000-0x3fff]
[    0.272881] pci 0000:00:1c.3:   bridge window [mem 0xc1000000-0xc10fffff]
[    0.272908] pci_bus 0000:00: busn_res: [bus 00-ff] end is updated to 04
[    0.272947] pci 0000:00:1f.0: PIIX/ICH IRQ router [8086:9cc3]
[    0.272977] PCI: pci_cache_line_size set to 64 bytes
[    0.273034] e820: reserve RAM buffer [mem 0x00058000-0x0005ffff]
[    0.273038] e820: reserve RAM buffer [mem 0x00088000-0x0008ffff]
[    0.273040] e820: reserve RAM buffer [mem 0x89bdc018-0x8bffffff]
[    0.273042] e820: reserve RAM buffer [mem 0x9c2bf000-0x9fffffff]
[    0.273044] e820: reserve RAM buffer [mem 0x9d000000-0x9fffffff]
[    0.273046] e820: reserve RAM buffer [mem 0x25f000000-0x25fffffff]
[    0.273088] pci 0000:00:02.0: vgaarb: setting as boot VGA device
[    0.273091] pci 0000:00:02.0: vgaarb: bridge control possible
[    0.273093] pci 0000:00:02.0: vgaarb: VGA device added: decodes=io+mem,owns=io+mem,locks=none
[    0.273097] vgaarb: loaded
[    0.275497] clocksource: Switched to clocksource tsc-early
[    0.291735] VFS: Disk quotas dquot_6.6.0
[    0.291756] VFS: Dquot-cache hash table entries: 512 (order 0, 4096 bytes)
[    0.291947] AppArmor: AppArmor Filesystem Enabled
[    0.291973] pnp: PnP ACPI: disabled
[    0.293783] NET: Registered PF_INET protocol family
[    0.294010] IP idents hash table entries: 131072 (order: 8, 1048576 bytes, linear)
[    0.297737] tcp_listen_portaddr_hash hash table entries: 4096 (order: 4, 65536 bytes, linear)
[    0.297788] Table-perturb hash table entries: 65536 (order: 6, 262144 bytes, linear)
[    0.297871] TCP established hash table entries: 65536 (order: 7, 524288 bytes, linear)
[    0.298117] TCP bind hash table entries: 65536 (order: 8, 1048576 bytes, linear)
[    0.298287] TCP: Hash tables configured (established 65536 bind 65536)
[    0.298389] MPTCP token hash table entries: 8192 (order: 5, 196608 bytes, linear)
[    0.298467] UDP hash table entries: 4096 (order: 5, 131072 bytes, linear)
[    0.298508] UDP-Lite hash table entries: 4096 (order: 5, 131072 bytes, linear)
[    0.298573] NET: Registered PF_UNIX/PF_LOCAL protocol family
[    0.298582] NET: Registered PF_XDP protocol family
[    0.298602] pci 0000:00:1c.0: PCI bridge to [bus 01]
[    0.298617] pci 0000:00:1c.1: PCI bridge to [bus 02]
[    0.298622] pci 0000:00:1c.1:   bridge window [mem 0xc1200000-0xc12fffff]
[    0.298632] pci 0000:00:1c.2: PCI bridge to [bus 03]
[    0.298637] pci 0000:00:1c.2:   bridge window [mem 0xc1100000-0xc11fffff]
[    0.298646] pci 0000:00:1c.3: PCI bridge to [bus 04]
[    0.298649] pci 0000:00:1c.3:   bridge window [io  0x3000-0x3fff]
[    0.298654] pci 0000:00:1c.3:   bridge window [mem 0xc1000000-0xc10fffff]
[    0.298663] pci_bus 0000:00: resource 4 [io  0x0000-0xffff]
[    0.298666] pci_bus 0000:00: resource 5 [mem 0x00000000-0x7fffffffff]
[    0.298669] pci_bus 0000:02: resource 1 [mem 0xc1200000-0xc12fffff]
[    0.298672] pci_bus 0000:03: resource 1 [mem 0xc1100000-0xc11fffff]
[    0.298674] pci_bus 0000:04: resource 0 [io  0x3000-0x3fff]
[    0.298677] pci_bus 0000:04: resource 1 [mem 0xc1000000-0xc10fffff]
[    0.298701] PCI: setting IRQ 7 as level-triggered
[    0.298706] pci 0000:00:14.0: found PCI INT A -> IRQ 7
[    0.298710] pci 0000:00:14.0: sharing IRQ 7 with 0000:00:02.0
[    0.298714] pci 0000:00:14.0: sharing IRQ 7 with 0000:00:03.0
[    0.298719] pci 0000:00:14.0: sharing IRQ 7 with 0000:00:16.0
[    0.298724] pci 0000:00:14.0: sharing IRQ 7 with 0000:00:1c.0
[    0.300018] pci 0000:00:1d.0: found PCI INT A -> IRQ 7
[    0.317354] pci 0000:00:1d.0: quirk_usb_early_handoff+0x0/0x170 took 16934 usecs
[    0.317404] PCI: CLS 64 bytes, default 64
[    0.317411] PCI-DMA: Using software bounce buffering for IO (SWIOTLB)
[    0.317412] software IO TLB: mapped [mem 0x000000008f815000-0x0000000093815000] (64MB)
[    0.317603] platform rtc_cmos: registered platform RTC device (no PNP device found)
[    0.318107] Initialise system trusted keyrings
[    0.318120] Key type blacklist registered
[    0.318208] Trying to unpack rootfs image as initramfs...
[    0.321379] workingset: timestamp_bits=36 max_order=21 bucket_order=0
[    0.323417] zbud: loaded
[    0.323885] squashfs: version 4.0 (2009/01/31) Phillip Lougher
[    0.325616] fuse: init (API version 7.36)
[    0.325833] integrity: Platform Keyring initialized
[    0.325841] integrity: Machine keyring initialized
[    0.361339] Key type asymmetric registered
[    0.361344] Asymmetric key parser 'x509' registered
[    1.321456] clocksource: tsc: mask: 0xffffffffffffffff max_cycles: 0x1e333e9d111, max_idle_ns: 440795240016 ns
[    1.321478] clocksource: Switched to clocksource tsc
[    1.613443] Freeing initrd memory: 135344K
[    1.618376] alg: self-tests for CTR-KDF (hmac(sha256)) passed
[    1.618406] Block layer SCSI generic (bsg) driver version 0.4 loaded (major 243)
[    1.618453] io scheduler mq-deadline registered
[    1.618751] pcieport 0000:00:1c.0: found PCI INT A -> IRQ 7
[    1.618758] pcieport 0000:00:1c.0: sharing IRQ 7 with 0000:00:02.0
[    1.618762] pcieport 0000:00:1c.0: sharing IRQ 7 with 0000:00:03.0
[    1.618765] pcieport 0000:00:1c.0: sharing IRQ 7 with 0000:00:14.0
[    1.618769] pcieport 0000:00:1c.0: sharing IRQ 7 with 0000:00:16.0
[    1.618907] pcieport 0000:00:1c.0: PME: Signaling with IRQ 16
[    1.618988] PCI: setting IRQ 10 as level-triggered
[    1.618993] pcieport 0000:00:1c.1: found PCI INT B -> IRQ 10
[    1.619018] pcieport 0000:00:1c.1: sharing IRQ 10 with 0000:02:00.0
[    1.619099] pcieport 0000:00:1c.1: PME: Signaling with IRQ 17
[    1.619169] PCI: setting IRQ 11 as level-triggered
[    1.619173] pcieport 0000:00:1c.2: found PCI INT C -> IRQ 11
[    1.619191] pcieport 0000:00:1c.2: sharing IRQ 11 with 0000:00:1f.3
[    1.619202] pcieport 0000:00:1c.2: sharing IRQ 11 with 0000:03:00.0
[    1.619267] pcieport 0000:00:1c.2: PME: Signaling with IRQ 18
[    1.619333] pcieport 0000:00:1c.3: found PCI INT D -> IRQ 10
[    1.619350] pcieport 0000:00:1c.3: sharing IRQ 10 with 0000:00:1f.2
[    1.619363] pcieport 0000:00:1c.3: sharing IRQ 10 with 0000:04:00.0
[    1.619429] pcieport 0000:00:1c.3: PME: Signaling with IRQ 19
[    1.619529] shpchp: Standard Hot Plug PCI Controller Driver version: 0.4
[    1.619940] Serial: 8250/16550 driver, 32 ports, IRQ sharing enabled
[    1.622052] Linux agpgart interface v0.103
[    1.623984] loop: module loaded
[    1.624331] tun: Universal TUN/TAP device driver, 1.6
[    1.624367] PPP generic driver version 2.4.2
[    1.624437] VFIO - User Level meta-driver version: 0.3
[    1.624503] ehci_hcd: USB 2.0 'Enhanced' Host Controller (EHCI) Driver
[    1.624508] ehci-pci: EHCI PCI platform driver
[    1.624532] ehci-pci 0000:00:1d.0: found PCI INT A -> IRQ 7
[    1.624614] ehci-pci 0000:00:1d.0: EHCI Host Controller
[    1.624624] ehci-pci 0000:00:1d.0: new USB bus registered, assigned bus number 1
[    1.624637] ehci-pci 0000:00:1d.0: debug port 2
[    1.628599] ehci-pci 0000:00:1d.0: irq 7, io mem 0xc1319000
[    1.641321] ehci-pci 0000:00:1d.0: USB 2.0 started, EHCI 1.00
[    1.641377] usb usb1: New USB device found, idVendor=1d6b, idProduct=0002, bcdDevice= 5.19
[    1.641381] usb usb1: New USB device strings: Mfr=3, Product=2, SerialNumber=1
[    1.641384] usb usb1: Product: EHCI Host Controller
[    1.641387] usb usb1: Manufacturer: Linux 5.19.0-50-generic ehci_hcd
[    1.641389] usb usb1: SerialNumber: 0000:00:1d.0
[    1.641510] hub 1-0:1.0: USB hub found
[    1.641523] hub 1-0:1.0: 2 ports detected
[    1.641660] ehci-platform: EHCI generic platform driver
[    1.641671] ohci_hcd: USB 1.1 'Open' Host Controller (OHCI) Driver
[    1.641675] ohci-pci: OHCI PCI platform driver
[    1.641690] ohci-platform: OHCI generic platform driver
[    1.641699] uhci_hcd: USB Universal Host Controller Interface driver
[    1.641747] i8042: PNP: No PS/2 controller found.
[    1.641748] i8042: Probing ports directly.
[    1.648991] serio: i8042 KBD port at 0x60,0x64 irq 1
[    1.648998] serio: i8042 AUX port at 0x60,0x64 irq 12
[    1.649140] mousedev: PS/2 mouse device common for all mice
[    1.649486] rtc_cmos rtc_cmos: registered as rtc0
[    1.649521] rtc_cmos rtc_cmos: setting system clock to 2024-04-27T16:27:05 UTC (1714235225)
[    1.649548] rtc_cmos rtc_cmos: alarms up to one day, 114 bytes nvram
[    1.649558] i2c_dev: i2c /dev entries driver
[    1.649598] device-mapper: core: CONFIG_IMA_DISABLE_HTABLE is disabled. Duplicate IMA measurements will not be recorded in the IMA log.
[    1.649635] device-mapper: uevent: version 1.0.3
[    1.649700] device-mapper: ioctl: 4.47.0-ioctl (2022-07-28) initialised: dm-devel@redhat.com
[    1.649727] platform eisa.0: Probing EISA bus 0
[    1.649743] platform eisa.0: Cannot allocate resource for EISA slot 3
[    1.649745] platform eisa.0: Cannot allocate resource for EISA slot 4
[    1.649755] platform eisa.0: EISA: Detected 0 cards
[    1.649767] intel_pstate: Intel P-state driver initializing
[    1.649872] ledtrig-cpu: registered to indicate activity on CPUs
[    1.649905] efifb: probing for efifb
[    1.649919] efifb: No BGRT, not showing boot graphics
[    1.649920] efifb: framebuffer at 0xb0000000, using 4128k, total 4128k
[    1.649923] efifb: mode is 1366x768x32, linelength=5504, pages=1
[    1.649925] efifb: scrolling: redraw
[    1.649926] efifb: Truecolor: size=8:8:8:8, shift=24:16:8:0
[    1.649984] fbcon: Deferring console take-over
[    1.649986] fb0: EFI VGA frame buffer device
[    1.649995] EFI Variables Facility v0.08 2004-May-17
[    1.685241] drop_monitor: Initializing network drop monitor service
[    1.702809] NET: Registered PF_INET6 protocol family
[    1.706560] Segment Routing with IPv6
[    1.706575] In-situ OAM (IOAM) with IPv6
[    1.706604] NET: Registered PF_PACKET protocol family
[    1.706649] Key type dns_resolver registered
[    1.706834] microcode: sig=0x306d4, pf=0x40, revision=0x2f
[    1.706838] microcode: Microcode Update Driver: v2.2.
[    1.706844] IPI shorthand broadcast: enabled
[    1.706869] sched_clock: Marking stable (1709125721, -3819309)->(1707485774, -2179362)
[    1.706961] registered taskstats version 1
[    1.706988] Loading compiled-in X.509 certificates
[    1.707880] Loaded X.509 cert 'Build time autogenerated kernel key: e1d5e59d334a969061022324074e9b7667e32d61'
[    1.708641] Loaded X.509 cert 'Canonical Ltd. Live Patch Signing: 14df34d1a87cf37625abec039ef2bf521249b969'
[    1.709436] Loaded X.509 cert 'Canonical Ltd. Kernel Module Signing: 88f752e560a1e0737e31163a466ad7b70a850c19'
[    1.709438] blacklist: Loading compiled-in revocation X.509 certificates
[    1.709465] Loaded X.509 cert 'Canonical Ltd. Secure Boot Signing: 61482aa2830d0ab2ad5af10b7250da9033ddcef0'
[    1.709484] Loaded X.509 cert 'Canonical Ltd. Secure Boot Signing (2017): 242ade75ac4a15e50d50c84b0d45ff3eae707a03'
[    1.709502] Loaded X.509 cert 'Canonical Ltd. Secure Boot Signing (ESM 2018): 365188c1d374d6b07c3c8f240f8ef722433d6a8b'
[    1.709520] Loaded X.509 cert 'Canonical Ltd. Secure Boot Signing (2019): c0746fd6c5da3ae827864651ad66ae47fe24b3e8'
[    1.709540] Loaded X.509 cert 'Canonical Ltd. Secure Boot Signing (2021 v1): a8d54bbb3825cfb94fa13c9f8a594a195c107b8d'
[    1.709559] Loaded X.509 cert 'Canonical Ltd. Secure Boot Signing (2021 v2): 4cf046892d6fd3c9a5b03f98d845f90851dc6a8c'
[    1.709577] Loaded X.509 cert 'Canonical Ltd. Secure Boot Signing (2021 v3): 100437bb6de6e469b581e61cd66bce3ef4ed53af'
[    1.709597] Loaded X.509 cert 'Canonical Ltd. Secure Boot Signing (Ubuntu Core 2019): c1d57b8f6b743f23ee41f4f7ee292f06eecadfb9'
[    1.709685] zswap: loaded using pool lzo/zbud
[    1.709777] Key type .fscrypt registered
[    1.709778] Key type fscrypt-provisioning registered
[    1.713192] Key type encrypted registered
[    1.713198] AppArmor: AppArmor sha1 policy hashing enabled
[    1.715197] integrity: Loading X.509 certificate: UEFI:db
[    1.715251] integrity: Loaded X.509 cert 'Microsoft Windows Production PCA 2011: a92902398e16c49778cd90f99e4f9ae17c55af53'
[    1.715252] integrity: Loading X.509 certificate: UEFI:db
[    1.715279] integrity: Loaded X.509 cert 'Microsoft Corporation UEFI CA 2011: 13adbf4309bd82709c8cd54f316ed522988a1bd4'
[    1.715280] integrity: Loading X.509 certificate: UEFI:db
[    1.715302] integrity: Loaded X.509 cert 'Hewlett-Packard Company: HP UEFI Secure Boot 2013 DB key: 1d7cf2c2b92673f69c8ee1ec7063967ab9b62bec'
[    1.719490] ima: No TPM chip found, activating TPM-bypass!
[    1.719494] Loading compiled-in module X.509 certificates
[    1.720275] Loaded X.509 cert 'Build time autogenerated kernel key: e1d5e59d334a969061022324074e9b7667e32d61'
[    1.720278] ima: Allocated hash algorithm: sha1
[    1.720285] ima: No architecture policies found
[    1.720302] evm: Initialising EVM extended attributes:
[    1.720303] evm: security.selinux
[    1.720304] evm: security.SMACK64
[    1.720305] evm: security.SMACK64EXEC
[    1.720306] evm: security.SMACK64TRANSMUTE
[    1.720307] evm: security.SMACK64MMAP
[    1.720307] evm: security.apparmor
[    1.720308] evm: security.ima
[    1.720309] evm: security.capability
[    1.720310] evm: HMAC attrs: 0x1
[    1.721381] PM:   Magic number: 4:640:490
[    1.721506] RAS: Correctable Errors collector initialized.
[    1.722859] Freeing unused decrypted memory: 2036K
[    1.723433] Freeing unused kernel image (initmem) memory: 3176K
[    1.724590] input: AT Translated Set 2 keyboard as /devices/platform/i8042/serio0/input/input0
[    1.729584] Write protecting the kernel read-only data: 32768k
[    1.730075] Freeing unused kernel image (text/rodata gap) memory: 2036K
[    1.730272] Freeing unused kernel image (rodata/data gap) memory: 980K
[    1.795392] x86/mm: Checked W+X mappings: passed, no W+X pages found.
[    1.795394] x86/mm: Checking user space page tables
[    1.858417] x86/mm: Checked W+X mappings: passed, no W+X pages found.
[    1.858432] Run /init as init process
[    1.858434]   with arguments:
[    1.858435]     /init
[    1.858437]     splash
[    1.858438]   with environment:
[    1.858439]     HOME=/
[    1.858440]     TERM=linux
[    1.858441]     BOOT_IMAGE=/boot/vmlinuz-5.19.0-50-generic
[    1.921343] usb 1-1: new high-speed USB device number 2 using ehci-pci
[    1.993353] xhci_hcd 0000:00:14.0: found PCI INT A -> IRQ 7
[    1.993363] xhci_hcd 0000:00:14.0: sharing IRQ 7 with 0000:00:02.0
[    1.993366] xhci_hcd 0000:00:14.0: sharing IRQ 7 with 0000:00:03.0
[    1.993370] xhci_hcd 0000:00:14.0: sharing IRQ 7 with 0000:00:16.0
[    1.993426] xhci_hcd 0000:00:14.0: xHCI Host Controller
[    1.993432] xhci_hcd 0000:00:14.0: new USB bus registered, assigned bus number 2
[    1.994479] xhci_hcd 0000:00:14.0: hcc params 0x200077c1 hci version 0x100 quirks 0x000000000004b810
[    1.994660] xhci_hcd 0000:00:14.0: xHCI Host Controller
[    1.994663] xhci_hcd 0000:00:14.0: new USB bus registered, assigned bus number 3
[    1.994666] xhci_hcd 0000:00:14.0: Host supports USB 3.0 SuperSpeed
[    1.999876] rtsx_pci 0000:02:00.0: found PCI INT A -> IRQ 10
[    2.011375] usb usb2: New USB device found, idVendor=1d6b, idProduct=0002, bcdDevice= 5.19
[    2.011380] usb usb2: New USB device strings: Mfr=3, Product=2, SerialNumber=1
[    2.011383] usb usb2: Product: xHCI Host Controller
[    2.011384] usb usb2: Manufacturer: Linux 5.19.0-50-generic xhci-hcd
[    2.011386] usb usb2: SerialNumber: 0000:00:14.0
[    2.011653] hub 2-0:1.0: USB hub found
[    2.011667] hub 2-0:1.0: 11 ports detected
[    2.012456] usb usb3: New USB device found, idVendor=1d6b, idProduct=0003, bcdDevice= 5.19
[    2.012460] usb usb3: New USB device strings: Mfr=3, Product=2, SerialNumber=1
[    2.012462] usb usb3: Product: xHCI Host Controller
[    2.012464] usb usb3: Manufacturer: Linux 5.19.0-50-generic xhci-hcd
[    2.012466] usb usb3: SerialNumber: 0000:00:14.0
[    2.017397] hub 3-0:1.0: USB hub found
[    2.017645] hub 3-0:1.0: 4 ports detected
[    2.032777] i801_smbus 0000:00:1f.3: found PCI INT C -> IRQ 11
[    2.032820] i801_smbus 0000:00:1f.3: sharing IRQ 11 with 0000:03:00.0
[    2.032832] i801_smbus 0000:00:1f.3: SPD Write Disable is set
[    2.032848] i801_smbus 0000:00:1f.3: SMBus using PCI interrupt
[    2.034970] ahci 0000:00:1f.2: version 3.0
[    2.034979] ahci 0000:00:1f.2: found PCI INT B -> IRQ 10
[    2.035023] ahci 0000:00:1f.2: sharing IRQ 10 with 0000:04:00.0
[    2.035194] i2c i2c-0: 1/2 memory slots populated (from DMI)
[    2.035716] i2c i2c-0: Successfully instantiated SPD at 0x50
[    2.036789] r8169 0000:04:00.0: found PCI INT A -> IRQ 10
[    2.045192] ahci 0000:00:1f.2: AHCI 0001.0300 32 slots 4 ports 6 Gbps 0x1 impl SATA mode
[    2.045199] ahci 0000:00:1f.2: flags: 64bit ncq pm led clo only pio slum part deso sadm sds apst 
[    2.053428] scsi host0: ahci
[    2.055931] r8169 0000:04:00.0 eth0: RTL8106eus, d0:bf:9c:92:f0:88, XID 509, IRQ 23
[    2.057680] scsi host1: ahci
[    2.077698] cryptd: max_cpu_qlen set to 1000
[    2.078030] usb 1-1: New USB device found, idVendor=8087, idProduct=8001, bcdDevice= 0.03
[    2.078034] usb 1-1: New USB device strings: Mfr=0, Product=0, SerialNumber=0
[    2.078197] hub 1-1:1.0: USB hub found
[    2.078306] hub 1-1:1.0: 8 ports detected
[    2.080867] scsi host2: ahci
[    2.088041] scsi host3: ahci
[    2.088097] ata1: SATA max UDMA/133 abar m2048@0xc1318000 port 0xc1318100 irq 22
[    2.088100] ata2: DUMMY
[    2.088101] ata3: DUMMY
[    2.088102] ata4: DUMMY
[    2.096673] AVX2 version of gcm_enc/dec engaged.
[    2.096697] AES CTR mode by8 optimization enabled
[    2.165548] r8169 0000:04:00.0 eno1: renamed from eth0
[    2.265318] usb 2-3: new high-speed USB device number 2 using xhci_hcd
[    2.400000] ata1: SATA link up 6.0 Gbps (SStatus 133 SControl 300)
[    2.400494] ata1.00: ATA-11: SanDisk SDSSDH3 500G, 401100RL, max UDMA/133
[    2.400964] ata1.00: 976773168 sectors, multi 1: LBA48 NCQ (depth 32), AA
[    2.402446] ata1.00: Features: Dev-Sleep
[    2.405376] ata1.00: configured for UDMA/133
[    2.415461] ahci 0000:00:1f.2: port does not support device sleep
[    2.415577] scsi 0:0:0:0: Direct-Access     ATA      SanDisk SDSSDH3  00RL PQ: 0 ANSI: 5
[    2.416114] sd 0:0:0:0: [sda] 976773168 512-byte logical blocks: (500 GB/466 GiB)
[    2.416124] sd 0:0:0:0: [sda] Write Protect is off
[    2.416126] sd 0:0:0:0: [sda] Mode Sense: 00 3a 00 00
[    2.416138] sd 0:0:0:0: [sda] Write cache: enabled, read cache: enabled, doesn't support DPO or FUA
[    2.416154] sd 0:0:0:0: [sda] Preferred minimum I/O size 512 bytes
[    2.416348] sd 0:0:0:0: Attached scsi generic sg0 type 0
[    2.426548]  sda: sda1 sda2 sda3 sda4 sda5 sda6 sda7
[    2.426806] sd 0:0:0:0: [sda] Attached SCSI disk
[    2.493689] usb 2-3: New USB device found, idVendor=04f2, idProduct=b40e, bcdDevice=69.39
[    2.493695] usb 2-3: New USB device strings: Mfr=2, Product=1, SerialNumber=0
[    2.493698] usb 2-3: Product: HP Truevision HD
[    2.493700] usb 2-3: Manufacturer: Chicony Electronics Co., Ltd.
[    2.910716] i915 0000:00:02.0: found PCI INT A -> IRQ 7
[    2.910725] i915 0000:00:02.0: sharing IRQ 7 with 0000:00:03.0
[    2.910729] i915 0000:00:02.0: sharing IRQ 7 with 0000:00:16.0
[    2.911776] i915 0000:00:02.0: vgaarb: deactivate vga console
[    2.953653] usb 2-4: new full-speed USB device number 3 using xhci_hcd
[    2.967765] i915 0000:00:02.0: vgaarb: changed VGA decodes: olddecodes=io+mem,decodes=io+mem:owns=io+mem
[    3.023104] [drm] Initialized i915 1.6.0 20201103 for 0000:00:02.0 on minor 0
[    3.027868] fbcon: i915drmfb (fb0) is primary device
[    3.027871] fbcon: Deferring console take-over
[    3.027874] i915 0000:00:02.0: [drm] fb0: i915drmfb frame buffer device
[    3.102980] usb 2-4: New USB device found, idVendor=06cb, idProduct=014f, bcdDevice= 0.03
[    3.102986] usb 2-4: New USB device strings: Mfr=1, Product=2, SerialNumber=0
[    3.102989] usb 2-4: Product: Synaptics Touch Digitizer V04
[    3.102990] usb 2-4: Manufacturer: SYNAPTICS
[    3.229327] usb 2-5: new full-speed USB device number 4 using xhci_hcd
[    3.233702] psmouse serio1: synaptics: queried max coordinates: x [..5690], y [..4706]
[    3.270802] psmouse serio1: synaptics: queried min coordinates: x [1300..], y [1234..]
[    3.270807] psmouse serio1: synaptics: Your touchpad () says it can support a different bus. If i2c-hid and hid-rmi are not used, you might want to try setting psmouse.synaptics_intertouch to 1 and report this to linux-input@vger.kernel.org.
[    3.347527] psmouse serio1: synaptics: Touchpad model: 1, fw: 8.1, id: 0x1e2b1, caps: 0xf00123/0x840300/0x12e800/0x0, board id: 3003, fw id: 1738305
[    3.389292] usb 2-5: New USB device found, idVendor=048d, idProduct=8350, bcdDevice=10.13
[    3.389321] usb 2-5: New USB device strings: Mfr=1, Product=2, SerialNumber=0
[    3.389324] usb 2-5: Product: ITE Device(8350)
[    3.389325] usb 2-5: Manufacturer: ITE Tech. Inc.
[    3.396593] input: SynPS/2 Synaptics TouchPad as /devices/platform/i8042/serio1/input/input2
[    3.405373] hid: raw HID events driver (C) Jiri Kosina
[    3.452017] usbcore: registered new interface driver usbhid
[    3.452021] usbhid: USB HID core driver
[    3.454996] input: SYNAPTICS Synaptics Touch Digitizer V04 Mouse as /devices/pci0000:00/0000:00:14.0/usb2/2-4/2-4:1.0/0003:06CB:014F.0001/input/input3
[    3.455330] input: SYNAPTICS Synaptics Touch Digitizer V04 Touchscreen as /devices/pci0000:00/0000:00:14.0/usb2/2-4/2-4:1.0/0003:06CB:014F.0001/input/input4
[    3.455638] input: SYNAPTICS Synaptics Touch Digitizer V04 Stylus as /devices/pci0000:00/0000:00:14.0/usb2/2-4/2-4:1.0/0003:06CB:014F.0001/input/input5
[    3.456252] hid-generic 0003:06CB:014F.0001: input,hiddev0,hidraw0: USB HID v1.11 Mouse [SYNAPTICS Synaptics Touch Digitizer V04] on usb-0000:00:14.0-4/input0
[    3.459792] hid-generic 0003:048D:8350.0002: hiddev1,hidraw1: USB HID v1.10 Device [ITE Tech. Inc. ITE Device(8350)] on usb-0000:00:14.0-5/input0
[    4.573319] raid6: avx2x4   gen() 20180 MB/s
[    4.641318] raid6: avx2x2   gen() 20061 MB/s
[    4.709318] raid6: avx2x1   gen() 18409 MB/s
[    4.709319] raid6: using algorithm avx2x4 gen() 20180 MB/s
[    4.777319] raid6: .... xor() 8521 MB/s, rmw enabled
[    4.777320] raid6: using avx2x2 recovery algorithm
[    4.778858] xor: automatically using best checksumming function   avx       
[    4.893988] Btrfs loaded, crc32c=crc32c-intel, zoned=yes, fsverity=yes
[    6.130241] EXT4-fs (sda7): mounted filesystem with ordered data mode. Quota mode: none.
[    6.582672] systemd[1]: RTC configured in localtime, applying delta of 120 minutes to system time.
[    6.616491] systemd[1]: Inserted module 'autofs4'
[    6.765199] systemd[1]: systemd 249.11-0ubuntu3.12 running in system mode (+PAM +AUDIT +SELINUX +APPARMOR +IMA +SMACK +SECCOMP +GCRYPT +GNUTLS +OPENSSL +ACL +BLKID +CURL +ELFUTILS +FIDO2 +IDN2 -IDN +IPTC +KMOD +LIBCRYPTSETUP +LIBFDISK +PCRE2 -PWQUALITY -P11KIT -QRENCODE +BZIP2 +LZ4 +XZ +ZLIB +ZSTD -XKBCOMMON +UTMP +SYSVINIT default-hierarchy=unified)
[    6.765462] systemd[1]: Detected architecture x86-64.
[    7.735345] systemd[1]: Queued start job for default target Graphical Interface.
[    7.736683] systemd[1]: Created slice Virtual Machine and Container Slice.
[    7.737651] systemd[1]: Created slice Slice /system/modprobe.
[    7.738154] systemd[1]: Created slice Slice /system/systemd-fsck.
[    7.738542] systemd[1]: Created slice User and Session Slice.
[    7.738646] systemd[1]: Started Forward Password Requests to Wall Directory Watch.
[    7.738903] systemd[1]: Set up automount Arbitrary Executable File Formats File System Automount Point.
[    7.739001] systemd[1]: Reached target User and Group Name Lookups.
[    7.739021] systemd[1]: Reached target Remote File Systems.
[    7.739037] systemd[1]: Reached target Slice Units.
[    7.739078] systemd[1]: Reached target Local Verity Protected Volumes.
[    7.739093] systemd[1]: Reached target Libvirt guests shutdown.
[    7.739216] systemd[1]: Listening on Device-mapper event daemon FIFOs.
[    7.739569] systemd[1]: Listening on LVM2 poll daemon socket.
[    7.739702] systemd[1]: Listening on Syslog Socket.
[    7.741123] systemd[1]: Listening on Process Core Dump Socket.
[    7.741255] systemd[1]: Listening on fsck to fsckd communication Socket.
[    7.741405] systemd[1]: Listening on initctl Compatibility Named Pipe.
[    7.741680] systemd[1]: Listening on Journal Audit Socket.
[    7.741813] systemd[1]: Listening on Journal Socket (/dev/log).
[    7.741972] systemd[1]: Listening on Journal Socket.
[    7.742480] systemd[1]: Listening on udev Control Socket.
[    7.742618] systemd[1]: Listening on udev Kernel Socket.
[    7.743836] systemd[1]: Mounting Huge Pages File System...
[    7.749251] systemd[1]: Mounting POSIX Message Queue File System...
[    7.751629] systemd[1]: Mounting Kernel Debug File System...
[    7.754848] systemd[1]: Mounting Kernel Trace File System...
[    7.765504] systemd[1]: Starting Journal Service...
[    7.765734] systemd[1]: Finished Availability of block devices.
[    7.767324] systemd[1]: Starting Set the console keyboard layout...
[    7.768645] systemd[1]: Starting Create List of Static Device Nodes...
[    7.772248] systemd[1]: Starting Monitoring of LVM2 mirrors, snapshots etc. using dmeventd or progress polling...
[    7.773755] systemd[1]: Starting Load Kernel Module configfs...
[    7.777540] systemd[1]: Starting Load Kernel Module drm...
[    7.781494] systemd[1]: Starting Load Kernel Module efi_pstore...
[    7.791406] systemd[1]: Starting Load Kernel Module fuse...
[    7.791594] systemd[1]: Condition check resulted in File System Check on Root Device being skipped.
[    7.793513] systemd[1]: Starting Load Kernel Modules...
[    7.795709] systemd[1]: Starting Remount Root and Kernel File Systems...
[    7.799621] systemd[1]: Starting Coldplug All udev Devices...
[    7.815302] systemd[1]: Mounted Huge Pages File System.
[    7.815591] systemd[1]: Mounted POSIX Message Queue File System.
[    7.815830] systemd[1]: Mounted Kernel Debug File System.
[    7.816057] systemd[1]: Mounted Kernel Trace File System.
[    7.817639] systemd[1]: Finished Create List of Static Device Nodes.
[    7.830476] systemd[1]: modprobe@configfs.service: Deactivated successfully.
[    7.830768] systemd[1]: Finished Load Kernel Module configfs.
[    7.831980] systemd[1]: Mounting Kernel Configuration File System...
[    7.835020] systemd[1]: Mounted Kernel Configuration File System.
[    7.854197] systemd[1]: modprobe@drm.service: Deactivated successfully.
[    7.854480] systemd[1]: Finished Load Kernel Module drm.
[    7.855970] systemd[1]: modprobe@fuse.service: Deactivated successfully.
[    7.856243] systemd[1]: Finished Load Kernel Module fuse.
[    7.857587] systemd[1]: Mounting FUSE Control File System...
[    7.861186] systemd[1]: Mounted FUSE Control File System.
[    7.869392] EXT4-fs (sda7): re-mounted. Quota mode: none.
[    7.871519] systemd[1]: Finished Remount Root and Kernel File Systems.
[    7.872841] systemd[1]: Activating swap /swapfile...
[    7.876737] systemd[1]: Starting Load/Save Random Seed...
[    7.878287] systemd[1]: Starting Create System Users...
[    7.888003] Adding 2097148k swap on /swapfile.  Priority:-2 extents:7 across:31588352k SSFS
[    7.888085] systemd[1]: Activated swap /swapfile.
[    7.888325] systemd[1]: Reached target Swaps.
[    7.919212] lp: driver loaded but no devices found
[    7.922594] systemd[1]: Finished Load/Save Random Seed.
[    7.922881] systemd[1]: Condition check resulted in First Boot Complete being skipped.
[    7.941428] ppdev: user-space parallel port driver
[    7.971146] pstore: Using crash dump compression: deflate
[    7.971160] pstore: Registered efi as persistent store backend
[    7.971895] systemd[1]: modprobe@efi_pstore.service: Deactivated successfully.
[    7.972178] systemd[1]: Finished Load Kernel Module efi_pstore.
[    7.972331] systemd[1]: Condition check resulted in Platform Persistent Storage Archival being skipped.
[    8.067036] systemd[1]: Finished Monitoring of LVM2 mirrors, snapshots etc. using dmeventd or progress polling.
[    8.071971] systemd[1]: Finished Create System Users.
[    8.073584] systemd[1]: Starting Create Static Device Nodes in /dev...
[    8.078573] systemd[1]: Finished Load Kernel Modules.
[    8.080021] systemd[1]: Starting Apply Kernel Variables...
[    8.098745] systemd[1]: Started Journal Service.
[    8.126620] systemd-journald[323]: Received client request to flush runtime journal.
[    8.148956] systemd-journald[323]: File /var/log/journal/b0d275fb46fa48c6820be57edaa22cf5/system.journal corrupted or uncleanly shut down, renaming and replacing.
[    8.887869] mei_me 0000:00:16.0: found PCI INT A -> IRQ 7
[    8.887878] mei_me 0000:00:16.0: sharing IRQ 7 with 0000:00:03.0
[    8.931740] mc: Linux media interface: v0.10
[    8.957472] input: SYNAPTICS Synaptics Touch Digitizer V04 Mouse as /devices/pci0000:00/0000:00:14.0/usb2/2-4/2-4:1.0/0003:06CB:014F.0001/input/input7
[    8.958148] input: SYNAPTICS Synaptics Touch Digitizer V04 as /devices/pci0000:00/0000:00:14.0/usb2/2-4/2-4:1.0/0003:06CB:014F.0001/input/input8
[    8.958334] input: SYNAPTICS Synaptics Touch Digitizer V04 Stylus as /devices/pci0000:00/0000:00:14.0/usb2/2-4/2-4:1.0/0003:06CB:014F.0001/input/input9
[    8.981665] hid-multitouch 0003:06CB:014F.0001: input,hiddev0,hidraw0: USB HID v1.11 Mouse [SYNAPTICS Synaptics Touch Digitizer V04] on usb-0000:00:14.0-4/input0
[    9.002390] at24 0-0050: incomplete constraints, dummy supplies not allowed
[    9.041017] spi-nor spi0.0: s25fl064k (8192 Kbytes)
[    9.080253] videodev: Linux video capture interface: v2.00
[    9.091330] Creating 1 MTD partitions on "intel-spi":
[    9.091337] 0x000000000000-0x000000800000 : "BIOS"
[    9.261592] RAPL PMU: API unit is 2^-32 Joules, 4 fixed counters, 655360 ms ovfl timer
[    9.261598] RAPL PMU: hw unit of domain pp0-core 2^-14 Joules
[    9.261599] RAPL PMU: hw unit of domain package 2^-14 Joules
[    9.261600] RAPL PMU: hw unit of domain dram 2^-14 Joules
[    9.261601] RAPL PMU: hw unit of domain pp1-gpu 2^-14 Joules
[    9.329631] usb 2-3: Found UVC 1.00 device HP Truevision HD (04f2:b40e)
[    9.393177] input: HP Truevision HD: HP Truevision as /devices/pci0000:00/0000:00:14.0/usb2/2-3/2-3:1.0/input/input11
[    9.393248] usbcore: registered new interface driver uvcvideo
[    9.908039] snd_hda_intel 0000:00:03.0: found PCI INT A -> IRQ 7
[    9.908225] snd_hda_intel 0000:00:03.0: bound 0000:00:02.0 (ops i915_audio_component_bind_ops [i915])
[    9.910093] snd_hda_intel 0000:00:1b.0: found PCI INT A -> IRQ 11
[    9.952506] input: HDA Intel HDMI HDMI/DP,pcm=3 as /devices/pci0000:00/0000:00:03.0/sound/card0/input12
[    9.952560] input: HDA Intel HDMI HDMI/DP,pcm=7 as /devices/pci0000:00/0000:00:03.0/sound/card0/input13
[    9.952607] input: HDA Intel HDMI HDMI/DP,pcm=8 as /devices/pci0000:00/0000:00:03.0/sound/card0/input14
[    9.952650] input: HDA Intel HDMI HDMI/DP,pcm=9 as /devices/pci0000:00/0000:00:03.0/sound/card0/input15
[    9.952700] input: HDA Intel HDMI HDMI/DP,pcm=10 as /devices/pci0000:00/0000:00:03.0/sound/card0/input16
[   10.026946] snd_hda_codec_realtek hdaudioC1D0: autoconfig for ALC3227: line_outs=1 (0x14/0x0/0x0/0x0/0x0) type:speaker
[   10.026953] snd_hda_codec_realtek hdaudioC1D0:    speaker_outs=0 (0x0/0x0/0x0/0x0/0x0)
[   10.026956] snd_hda_codec_realtek hdaudioC1D0:    hp_outs=1 (0x21/0x0/0x0/0x0/0x0)
[   10.026958] snd_hda_codec_realtek hdaudioC1D0:    mono: mono_out=0x0
[   10.026960] snd_hda_codec_realtek hdaudioC1D0:    inputs:
[   10.026961] snd_hda_codec_realtek hdaudioC1D0:      Mic=0x19
[   10.026963] snd_hda_codec_realtek hdaudioC1D0:      Internal Mic=0x12
[   10.269031] input: HDA Intel PCH Mic as /devices/pci0000:00/0000:00:1b.0/sound/card1/input17
[   10.269091] input: HDA Intel PCH Headphone as /devices/pci0000:00/0000:00:1b.0/sound/card1/input18
[   10.378905] intel_rapl_common: Found RAPL domain package
[   10.378909] intel_rapl_common: Found RAPL domain core
[   10.378911] intel_rapl_common: Found RAPL domain uncore
[   10.378912] intel_rapl_common: Found RAPL domain dram
[   10.378918] intel_rapl_common: RAPL package-0 domain package locked by BIOS
[   10.378927] intel_rapl_common: RAPL package-0 domain dram locked by BIOS
[   11.403081] spl: loading out-of-tree module taints kernel.
[   11.410905] znvpair: module license 'CDDL' taints kernel.
[   11.410909] Disabling lock debugging due to kernel taint
[   12.074789] ZFS: Loaded module v2.1.5-1ubuntu6, ZFS pool version 5000, ZFS filesystem version 5
[   12.299341] audit: type=1400 audit(1714228036.145:2): apparmor="STATUS" operation="profile_load" profile="unconfined" name="/usr/lib/lightdm/lightdm-guest-session" pid=598 comm="apparmor_parser"
[   12.299349] audit: type=1400 audit(1714228036.145:3): apparmor="STATUS" operation="profile_load" profile="unconfined" name="/usr/lib/lightdm/lightdm-guest-session//chromium" pid=598 comm="apparmor_parser"
[   12.308027] audit: type=1400 audit(1714228036.153:4): apparmor="STATUS" operation="profile_load" profile="unconfined" name="lsb_release" pid=599 comm="apparmor_parser"
[   12.345855] audit: type=1400 audit(1714228036.193:5): apparmor="STATUS" operation="profile_load" profile="unconfined" name="nvidia_modprobe" pid=600 comm="apparmor_parser"
[   12.345863] audit: type=1400 audit(1714228036.193:6): apparmor="STATUS" operation="profile_load" profile="unconfined" name="nvidia_modprobe//kmod" pid=600 comm="apparmor_parser"
[   12.389490] audit: type=1400 audit(1714228036.237:7): apparmor="STATUS" operation="profile_load" profile="unconfined" name="/usr/lib/NetworkManager/nm-dhcp-client.action" pid=601 comm="apparmor_parser"
[   12.389498] audit: type=1400 audit(1714228036.237:8): apparmor="STATUS" operation="profile_load" profile="unconfined" name="/usr/lib/NetworkManager/nm-dhcp-helper" pid=601 comm="apparmor_parser"
[   12.389501] audit: type=1400 audit(1714228036.237:9): apparmor="STATUS" operation="profile_load" profile="unconfined" name="/usr/lib/connman/scripts/dhclient-script" pid=601 comm="apparmor_parser"
[   12.389504] audit: type=1400 audit(1714228036.237:10): apparmor="STATUS" operation="profile_load" profile="unconfined" name="/{,usr/}sbin/dhclient" pid=601 comm="apparmor_parser"
[   12.403662] audit: type=1400 audit(1714228036.249:11): apparmor="STATUS" operation="profile_load" profile="unconfined" name="/usr/bin/man" pid=605 comm="apparmor_parser"
[   12.683133] Process accounting resumed
[   16.749363] Generic FE-GE Realtek PHY r8169-0-400:00: attached PHY driver (mii_bus:phy_addr=r8169-0-400:00, irq=MAC)
[   16.905550] r8169 0000:04:00.0 eno1: No native access to PCI extended config space, falling back to CSI
[   16.933399] r8169 0000:04:00.0 eno1: Link is Down
[   17.001546] bridge: filtering via arp/ip/ip6tables is no longer available by default. Update your scripts to load br_netfilter if you need this.
[   17.793145] kauditd_printk_skb: 17 callbacks suppressed
[   17.793148] audit: type=1400 audit(1714230957.750:29): apparmor="DENIED" operation="capable" class="cap" profile="/usr/sbin/cupsd" pid=803 comm="cupsd" capability=12  capname="net_admin"
[   18.709577] r8169 0000:04:00.0: invalid VPD tag 0x00 (size 0) at offset 0; assume missing optional EEPROM
[   19.352168] r8169 0000:04:00.0 eno1: Link is Up - 100Mbps/Full - flow control rx/tx
[   19.352187] IPv6: ADDRCONF(NETDEV_CHANGE): eno1: link becomes ready
[   20.839479] audit: type=1400 audit(1714230960.798:30): apparmor="STATUS" operation="profile_load" profile="unconfined" name="docker-default" pid=1368 comm="apparmor_parser"
[   21.411090] Bridge firewalling registered
[   21.512881] Initializing XFRM netlink socket
[   89.296549] ------------[ cut here ]------------
[   89.296553] i915 0000:00:02.0: drm_WARN_ON_ONCE(level >= n_entries)
[   89.296591] WARNING: CPU: 0 PID: 837 at drivers/gpu/drm/i915/display/intel_ddi.c:1382 intel_ddi_level+0x208/0x250 [i915]
[   89.296721] Modules linked in: nf_conntrack_netlink xfrm_user xfrm_algo xt_addrtype br_netfilter xt_CHECKSUM xt_MASQUERADE xt_conntrack ipt_REJECT nf_reject_ipv4 xt_tcpudp nft_compat nft_chain_nat nf_nat nf_conntrack nf_defrag_ipv6 nf_defrag_ipv4 nf_tables nfnetlink bridge stp llc overlay binfmt_misc zfs(PO) zunicode(PO) zzstd(O) zlua(O) zavl(PO) icp(PO) zcommon(PO) znvpair(PO) spl(O) nls_iso8859_1 intel_rapl_msr intel_rapl_common x86_pkg_temp_thermal intel_powerclamp coretemp kvm_intel snd_ctl_led snd_hda_codec_realtek snd_hda_codec_generic snd_hda_codec_hdmi ledtrig_audio snd_hda_intel snd_intel_dspcfg snd_intel_sdw_acpi snd_hda_codec snd_hda_core snd_hwdep snd_pcm mei_pxp mei_hdcp snd_seq_midi kvm snd_seq_midi_event snd_rawmidi uvcvideo snd_seq videobuf2_vmalloc rapl videobuf2_memops intel_cstate videobuf2_v4l2 input_leds snd_seq_device videobuf2_common snd_timer serio_raw cmdlinepart spi_nor joydev mac_hid hid_sensor_accel_3d videodev at24 hid_sensor_incl_3d mtd hid_sensor_gyro_3d
[   89.296788]  hid_sensor_rotation hid_sensor_magn_3d hid_sensor_trigger industrialio_triggered_buffer kfifo_buf hid_sensor_iio_common mc hid_multitouch snd industrialio mei_me mei soundcore sch_fq_codel msr parport_pc ppdev lp efi_pstore parport ip_tables x_tables autofs4 btrfs blake2b_generic xor raid6_pq libcrc32c dm_mirror dm_region_hash dm_log hid_sensor_custom hid_sensor_hub hid_generic usbhid hid i915 drm_buddy i2c_algo_bit ttm drm_display_helper cec rc_core drm_kms_helper syscopyarea sysfillrect crct10dif_pclmul rtsx_pci_sdmmc crc32_pclmul sysimgblt fb_sys_fops ghash_clmulni_intel spi_intel_platform spi_intel aesni_intel crypto_simd cryptd drm psmouse ahci i2c_i801 i2c_smbus libahci lpc_ich r8169 realtek rtsx_pci xhci_pci xhci_pci_renesas video
[   89.296844] CPU: 0 PID: 837 Comm: Xorg Tainted: P           O      5.19.0-50-generic #50-Ubuntu
[   89.296848] Hardware name: Hewlett-Packard HP Pavilion 13 x360 PC /2341, BIOS F.41 06/21/2018
[   89.296849] RIP: 0010:intel_ddi_level+0x208/0x250 [i915]
[   89.296964] Code: 12 00 01 4c 8b 67 50 4d 85 e4 74 22 e8 21 e4 07 c7 48 c7 c1 10 ae 5d c0 4c 89 e2 48 c7 c7 4a 40 5b c0 48 89 c6 e8 51 dc 55 c7 <0f> 0b eb bf 4c 8b 27 eb d9 48 c7 c7 20 3c 62 c0 44 89 65 c4 e8 6f
[   89.296967] RSP: 0018:ffffb6b580cab8d8 EFLAGS: 00010246
[   89.296969] RAX: 0000000000000000 RBX: ffff8be45e680000 RCX: 0000000000000000
[   89.296971] RDX: 0000000000000000 RSI: 0000000000000000 RDI: 0000000000000000
[   89.296973] RBP: ffffb6b580cab918 R08: 0000000000000000 R09: 0000000000000000
[   89.296974] R10: 0000000000000000 R11: 0000000000000000 R12: ffff8be440808d70
[   89.296976] R13: 0000000000000000 R14: ffff8be45853e000 R15: ffffffffc0598310
[   89.296978] FS:  00007f596478ca80(0000) GS:ffff8be596c00000(0000) knlGS:0000000000000000
[   89.296980] CS:  0010 DS: 0000 ES: 0000 CR0: 0000000080050033
[   89.296982] CR2: 00007f34342df000 CR3: 00000001038d0006 CR4: 00000000003706f0
[   89.296984] Call Trace:
[   89.296986]  <TASK>
[   89.296989]  hsw_prepare_hdmi_ddi_buffers+0x35/0x180 [i915]
[   89.297099]  ? intel_hdmi_handle_sink_scrambling+0x42/0x130 [i915]
[   89.297210]  intel_enable_ddi_hdmi.constprop.0+0x1a6/0x3d0 [i915]
[   89.297320]  ? drm_crtc_vblank_get+0x17/0x30 [drm]
[   89.297360]  intel_enable_ddi+0x7b/0x130 [i915]
[   89.297469]  intel_encoders_enable+0x88/0xc0 [i915]
[   89.297576]  hsw_crtc_enable+0x1d9/0x410 [i915]
[   89.297686]  intel_enable_crtc+0x72/0xb0 [i915]
[   89.297794]  intel_commit_modeset_enables+0x6d/0xb0 [i915]
[   89.297903]  intel_atomic_commit_tail+0x52e/0xbe0 [i915]
[   89.298012]  intel_atomic_commit+0x3b2/0x420 [i915]
[   89.298122]  ? drm_atomic_check_only+0x1a4/0x440 [drm]
[   89.298157]  drm_atomic_commit+0x97/0xd0 [drm]
[   89.298191]  ? drm_plane_create_color_properties.cold+0x48/0x48 [drm]
[   89.298225]  drm_atomic_helper_set_config+0x84/0xd0 [drm_kms_helper]
[   89.298242]  drm_mode_setcrtc+0x214/0x7e0 [drm]
[   89.298272]  ? drm_mode_getcrtc+0x1e0/0x1e0 [drm]
[   89.298300]  drm_ioctl_kernel+0xc3/0x160 [drm]
[   89.298328]  drm_ioctl+0x279/0x4c0 [drm]
[   89.298354]  ? drm_mode_getcrtc+0x1e0/0x1e0 [drm]
[   89.298384]  ? __fget_light+0xb5/0x160
[   89.298389]  __x64_sys_ioctl+0x9d/0xe0
[   89.298394]  do_syscall_64+0x5c/0x90
[   89.298398]  ? syscall_exit_to_user_mode+0x2a/0x50
[   89.298402]  ? do_syscall_64+0x69/0x90
[   89.298404]  ? do_syscall_64+0x69/0x90
[   89.298407]  ? syscall_exit_to_user_mode+0x2a/0x50
[   89.298411]  ? do_syscall_64+0x69/0x90
[   89.298413]  entry_SYSCALL_64_after_hwframe+0x63/0xcd
[   89.298417] RIP: 0033:0x7f5964b1a94f
[   89.298419] Code: 00 48 89 44 24 18 31 c0 48 8d 44 24 60 c7 04 24 10 00 00 00 48 89 44 24 08 48 8d 44 24 20 48 89 44 24 10 b8 10 00 00 00 0f 05 <41> 89 c0 3d 00 f0 ff ff 77 1f 48 8b 44 24 18 64 48 2b 04 25 28 00
[   89.298421] RSP: 002b:00007fff6ca864f0 EFLAGS: 00000246 ORIG_RAX: 0000000000000010
[   89.298424] RAX: ffffffffffffffda RBX: 00007fff6ca86580 RCX: 00007f5964b1a94f
[   89.298426] RDX: 00007fff6ca86580 RSI: 00000000c06864a2 RDI: 0000000000000010
[   89.298428] RBP: 00000000c06864a2 R08: 0000000000000000 R09: 000055ab05bc4bb0
[   89.298429] R10: 0000000000000000 R11: 0000000000000246 R12: 000055ab05bb8858
[   89.298431] R13: 0000000000000010 R14: 000055ab05bbabb0 R15: 000055ab05aaeec8
[   89.298434]  </TASK>
[   89.298436] ---[ end trace 0000000000000000 ]---
[  681.850779] perf: interrupt took too long (2566 > 2500), lowering kernel.perf_event_max_sample_rate to 77750
[ 1096.583313] perf: interrupt took too long (3231 > 3207), lowering kernel.perf_event_max_sample_rate to 61750
[ 1487.885971] usb 2-1: new high-speed USB device number 5 using xhci_hcd
[ 1488.034414] usb 2-1: New USB device found, idVendor=22d9, idProduct=2046, bcdDevice= 4.04
[ 1488.034421] usb 2-1: New USB device strings: Mfr=1, Product=2, SerialNumber=3
[ 1488.034423] usb 2-1: Product: RMX3241
[ 1488.034425] usb 2-1: Manufacturer: realme
[ 1488.034427] usb 2-1: SerialNumber: P7WGHYHMWGUSSSZH
[ 1488.110138] usbcore: registered new interface driver snd-usb-audio
[ 1695.057241] perf: interrupt took too long (4084 > 4038), lowering kernel.perf_event_max_sample_rate to 48750
[ 2752.515402] perf: interrupt took too long (5147 > 5105), lowering kernel.perf_event_max_sample_rate to 38750
[ 3862.117226] perf: interrupt took too long (6473 > 6433), lowering kernel.perf_event_max_sample_rate to 30750